// Jest Snapshot v1, https://goo.gl/fbAQLP

exports[`renders correctly with defaults 1`] = `
<View
  style={
    Object {
      "alignItems": "center",
      "flex": 1,
    }
  }
>
  <View
    style={
      Object {
        "flex": 1,
        "height": "100%",
        "left": 0,
        "position": "absolute",
        "top": 0,
        "width": "100%",
      }
    }
  >
    <Image
      source={
        Object {
          "testUri": "../../../src/assets/images/sky-bg@2x.png",
        }
      }
      style={
        Object {
          "height": "100%",
          "resizeMode": "cover",
          "width": "100%",
        }
      }
    />
  </View>
  <View
    style={
      Object {
        "backgroundColor": "transparent",
        "flex": 1,
        "justifyContent": "center",
      }
    }
  >
    <View
      accessible={true}
      isTVSelectable={true}
      onResponderGrant={[Function]}
      onResponderMove={[Function]}
      onResponderRelease={[Function]}
      onResponderTerminate={[Function]}
      onResponderTerminationRequest={[Function]}
      onStartShouldSetResponder={[Function]}
      style={
        Object {
          "backgroundColor": "#E38C3B",
          "borderColor": "#000",
          "borderRadius": 5,
          "borderWidth": 0,
          "padding": 5,
        }
      }
    >
      <Text
        style={
          Object {
            "color": "#FFFFFF",
            "textAlign": "center",
          }
        }
      >
        Hello
      </Text>
    </View>
  </View>
</View>
`;
